52
56
83
113
139
150
207
232
474
506
833
138
1637
1775
2281
