a:24
b:17
c:5
d:31
e:2
f:47
g:13
h:17
j:2
k:6
l:1
m:1
n:5
r:1
s:28
v:1
