6 2 6 2 10 9 1 6 2 6 2 1 9 1 6 2 6 2 1 9 1 6 2 6 2 1 9 1 6 2 6 2 1 9 1 6 2 6 2 1 10 1 6 2 6 2 1 1 1