6
3
7
2
4
2
0
1
8
11
3
3
8
10
1
3
0
0
7
7
11
2
4
0
6
4
5
9
7
7
6
11
6
1
2
5
1
9
2
6
7
0
7
0
6
7
9
5
3
3
4
4
4
11
6
6
7
0
9
1
3
6
8
6
