a:6
b:10
c:2
d:12
f:30
g:5
h:3
j:2
k:3
l:1
m:1
n:3
s:14
v:1
