33904
30973
28053
25190
22451
19904
17815
15936
14194
12596
11457
10439
9567
8741
8041
7428
6924
6512
6155
5866
5577
