62 145 142 182 226 164 299 432 478 633 670 688 655 663 650 562 601 625 549 647 627 642 722 693 818 930 817 855 841 825 881 926 868 878 898 886 818 801 759 773 775 644 714 658 583 577 527 530 498 485 489 552 567 544 330 210 240 314 215 188 131 128 102 -31 -66 