198 432 501 567 769 742 746 760 838 878 1087 1153 1264 1259 1323 1396 1336 1300 1387 1411 1448 1517 1581 1618 1413 1457 1276 1322 1310 1436 1484 1582 1618 1590 1482 1441 1364 1515 1678 1494 1639 1490 1484 1301 1085 1112 987 627 473 222 -28 