a:10
b:15
c:3
d:21
f:42
g:6
h:5
j:2
k:4
l:1
m:1
n:3
s:26
v:1
