128699
127517
126335
125153
123971
122789
121607
120425
119243
118061
116879
115697
114515
113333
112151
110969
