11
5
6
4
9
7
3
0
2
4
7
11
3
6
8
11
11
1
0
6
2
5
7
2
11
4
10
1
3
6
2
5
5
4
3
0
1
9
4
6
10
1
4
7
5
6
4
6
8
3
5
2
5
3
2
6
3
10
4
2
8
11
1
1
1
0
1
2
1
1
0
4
11
8
