626047
619485
612923
606361
599799
593237
586675
580113
573551
566989
560427
553865
547303
540741
534179
527626
521133
514722
508402
502087
495883
489699
483516
477412
471377
465342
459307
453334
447383
441432
435513
429674
423880
418153
412529
