203 537 373 847 533 277 905 521 355 369 677 927 957 153 155 311 49 63 635 105 359 935 403 777 225 275 755 7 75 467 671 113 479 717 183 343 723 181 79 549 799 115 211 877 695 351 907 365 275 