4122809
4082722
4042635
4002548
3962461
3922374
3882287
3842200
3802113
3762026
3721939
3681852
3641852
3602270
3562812
3523529
3484510
3445729
3407118
3368756
3330743
3292878
3255044
3217452
3180043
3142885
3106073
3069648
3033350
2997259
2961586
2926209
2891286
2856685
2822283
2788368
2755051
2722113
2689306
2656735
2624613
2592618
2560847
2529385
2498166
2467377
2436888
2406661
2376665
2347173
2318057
2289305
2260645
2232273
2204264
2176695
2149249
2121865
2094634
2067797
2041128
2014986
1989291
1963687
1938364
1913614
1889245
1865236
1841529
1818118
1795083
