3452 4569 6562 11226 11841 13283 15741 17208 22221 21947 24369 26057 29009 30560 30454 33349 33732 31086 30053 32929 37378 43833 44578 44371 46770 48600 51445 51622 51769 55432 56693 56888 58956 60989 60741 64933 64884 66900 68459 68414 69403 70560 72051 72106 74568 77642 78248 80134 81312 82286 81322 84028 87628 88623 87517 87031 87323 87715 89555 89698 91573 95440 93368 93505 95994 96508 96821 97825 98351 97812 100081 101760 102504 102838 102896 105152 108496 109601 110682 110407 109866 111084 110412 109768 108710 107750 108609 110012 111256 111000 112031 109761 108601 107503 106605 107223 108571 108404 106625 104751 104398 104909 103167 103966 101338 101832 98966 97123 98978 97153 95580 95036 93965 90383 87936 87650 84717 82309 77469 77662 75202 74411 71863 71373 63927 64487 64201 64014 62618 61240 59190 53303 49880 46479 41227 38083 30039 25866 16103 11555 121 